[www.packdemusicas.com.br/paineldosartistas.html]
[backblue.gif]
[fade.gif]
[index.html]
[www.packdemusicas.com.br/normalize.css]
[www.packdemusicas.com.br/reset.css]
[www.packdemusicas.com.br/Img-Shows/favicon.ico]
[www.packdemusicas.com.br/Img-Shows/logotipo.png]
[www.packdemusicas.com.br/Img-Shows/12.png]
[www.packdemusicas.com.br/Img-Shows/01.png 0.7]
[www.packdemusicas.com.br/Img-Shows/01.png]
[www.packdemusicas.com.br/Img-Shows/04.png 0.7]
[www.packdemusicas.com.br/Img-Shows/04.png]
[www.packdemusicas.com.br/Img-Shows/12.png 0.7]
[www.packdemusicas.com.br/Img-Shows/11.png]
[www.packdemusicas.com.br/Img-Shows/02.png 0.c.delayed]
[www.packdemusicas.com.br/Img-Shows/02.png]
[www.packdemusicas.com.br/Img-Shows/05.png 0.7]
[www.packdemusicas.com.br/Img-Shows/05.png]
[www.packdemusicas.com.br/Img-Shows/11.png 0.7]
[www.packdemusicas.com.br/Img-Shows/07.png]
[www.packdemusicas.com.br/Img-Shows/10.png 0.7]
[www.packdemusicas.com.br/Img-Shows/10.png]
[www.packdemusicas.com.br/Img-Shows/08.png 0.7]
[www.packdemusicas.com.br/Img-Shows/08.png]
[www.packdemusicas.com.br/Img-Shows/07.png 0.7]
[www.packdemusicas.com.br/Img-Shows/03.png]
[www.packdemusicas.com.br/Img-Shows/09.png 0.7]
[www.packdemusicas.com.br/Img-Shows/09.png]
[www.packdemusicas.com.br/Img-Shows/06.png 0.7]
[www.packdemusicas.com.br/Img-Shows/06.png]
[www.packdemusicas.com.br/Img-Shows/03.png 0.7]
[www.packdemusicas.com.br/Img-Shows/mobile/topo.png]
[www.packdemusicas.com.br/Img-Shows/img190.png]
[www.packdemusicas.com.br/Img-Shows/img189.png]
[www.packdemusicas.com.br/Img-Shows/img191.png]
[www.packdemusicas.com.br/Img-Shows/img192.png]
[www.packdemusicas.com.br/Img-Shows/img193.png]
[www.packdemusicas.com.br/Img-Shows/img194.png]
[www.packdemusicas.com.br/Img-Shows/img01.png]
[www.packdemusicas.com.br/Img-Shows/img02.png]
[www.packdemusicas.com.br/Img-Shows/img03.png]
[www.packdemusicas.com.br/Img-Shows/img04.png]
[www.packdemusicas.com.br/Img-Shows/img05.png]
[www.packdemusicas.com.br/Img-Shows/img06.png]
[www.packdemusicas.com.br/Img-Shows/img07.png]
[www.packdemusicas.com.br/Img-Shows/img08.png]
[www.packdemusicas.com.br/Img-Shows/img09.png]
[www.packdemusicas.com.br/Img-Shows/img10.png]
[www.packdemusicas.com.br/Img-Shows/img11.png]
[www.packdemusicas.com.br/Img-Shows/img12.png]
[www.packdemusicas.com.br/Img-Shows/img13.png]
[www.packdemusicas.com.br/Img-Shows/img14.png]
[www.packdemusicas.com.br/Img-Shows/img213.png]
[www.packdemusicas.com.br/Img-Shows/img214.png]
[www.packdemusicas.com.br/Img-Shows/img215.png]
[www.packdemusicas.com.br/Img-Shows/img216.png]
[www.packdemusicas.com.br/Img-Shows/img217.png]
[www.packdemusicas.com.br/Img-Shows/img15.png]
[www.packdemusicas.com.br/Img-Shows/img16.png]
[www.packdemusicas.com.br/Img-Shows/img17.png]
[www.packdemusicas.com.br/Img-Shows/img18.png]
[www.packdemusicas.com.br/Img-Shows/img19.png]
[www.packdemusicas.com.br/Img-Shows/img20.png]
[www.packdemusicas.com.br/Img-Shows/img21.png]
[www.packdemusicas.com.br/Img-Shows/img22.png]
[www.packdemusicas.com.br/Img-Shows/img23.png]
[www.packdemusicas.com.br/Img-Shows/img24.png]
[www.packdemusicas.com.br/Img-Shows/img25.png]
[www.packdemusicas.com.br/Img-Shows/img26.png]
[www.packdemusicas.com.br/Img-Shows/img27.png]
[www.packdemusicas.com.br/Img-Shows/img28.png]
[www.packdemusicas.com.br/Img-Shows/img29.png]
[www.packdemusicas.com.br/Img-Shows/img30.png]
[www.packdemusicas.com.br/Img-Shows/img31.png]
[www.packdemusicas.com.br/Img-Shows/img32.png]
[www.packdemusicas.com.br/Img-Shows/img33.png]
[www.packdemusicas.com.br/Img-Shows/img34.png]
[www.packdemusicas.com.br/Img-Shows/img35.png]
[www.packdemusicas.com.br/Img-Shows/img36.png]
[www.packdemusicas.com.br/Img-Shows/img37.png]
[www.packdemusicas.com.br/Img-Shows/img38.png]
[www.packdemusicas.com.br/Img-Shows/img39.png]
[www.packdemusicas.com.br/Img-Shows/img40.png]
[www.packdemusicas.com.br/Img-Shows/img41.png]
[www.packdemusicas.com.br/Img-Shows/img42.png]
[www.packdemusicas.com.br/Img-Shows/img43.png]
[www.packdemusicas.com.br/Img-Shows/img44.png]
[www.packdemusicas.com.br/Img-Shows/img45.png]
[www.packdemusicas.com.br/Img-Shows/img46.png]
[www.packdemusicas.com.br/Img-Shows/img14a.png]
[www.packdemusicas.com.br/Img-Shows/img178.png]
[www.packdemusicas.com.br/Img-Shows/img179.png]
[www.packdemusicas.com.br/Img-Shows/img180.png]
[www.packdemusicas.com.br/Img-Shows/img47a.png]
[www.packdemusicas.com.br/Img-Shows/img47.png]
[www.packdemusicas.com.br/Img-Shows/img48.png]
[www.packdemusicas.com.br/Img-Shows/img49.png]
[www.packdemusicas.com.br/Img-Shows/img50.png]
[www.packdemusicas.com.br/Img-Shows/img51.png]
[www.packdemusicas.com.br/Img-Shows/img182.png]
[www.packdemusicas.com.br/Img-Shows/img183.png]
[www.packdemusicas.com.br/Img-Shows/img181.png]
[www.packdemusicas.com.br/Img-Shows/img52.png]
[www.packdemusicas.com.br/Img-Shows/img53.png]
[www.packdemusicas.com.br/Img-Shows/img54.png]
[www.packdemusicas.com.br/Img-Shows/img55.png]
[www.packdemusicas.com.br/Img-Shows/img56.png]
[www.packdemusicas.com.br/Img-Shows/img57.png]
[www.packdemusicas.com.br/Img-Shows/img58.png]
[www.packdemusicas.com.br/Img-Shows/img185.png]
[www.packdemusicas.com.br/Img-Shows/img184.png]
[www.packdemusicas.com.br/Img-Shows/img59.png]
[www.packdemusicas.com.br/Img-Shows/img60.png]
[www.packdemusicas.com.br/Img-Shows/img61.png]
[www.packdemusicas.com.br/Img-Shows/img62.png]
[www.packdemusicas.com.br/Img-Shows/img63.png]
[www.packdemusicas.com.br/Img-Shows/img64.png]
[www.packdemusicas.com.br/Img-Shows/img65.png]
[www.packdemusicas.com.br/Img-Shows/img186.png]
[www.packdemusicas.com.br/Img-Shows/img187.png]
[www.packdemusicas.com.br/Img-Shows/img188.png]
[www.packdemusicas.com.br/Img-Shows/img66.png]
[www.packdemusicas.com.br/Img-Shows/img67.png]
[www.packdemusicas.com.br/Img-Shows/img68.png]
[www.packdemusicas.com.br/Img-Shows/img69.png]
[www.packdemusicas.com.br/Img-Shows/img70.png]
[www.packdemusicas.com.br/Img-Shows/img199.png]
[www.packdemusicas.com.br/Img-Shows/img200.png]
[www.packdemusicas.com.br/Img-Shows/img71.png]
[www.packdemusicas.com.br/Img-Shows/img72.png]
[www.packdemusicas.com.br/Img-Shows/img195.png]
[www.packdemusicas.com.br/Img-Shows/img196.png]
[www.packdemusicas.com.br/Img-Shows/img197.png]
[www.packdemusicas.com.br/Img-Shows/img198.png]
[www.packdemusicas.com.br/Img-Shows/img73.png]
[www.packdemusicas.com.br/Img-Shows/img74.png]
[www.packdemusicas.com.br/Img-Shows/img75.png]
[www.packdemusicas.com.br/Img-Shows/img76.png]
[www.packdemusicas.com.br/Img-Shows/img77.png]
[www.packdemusicas.com.br/Img-Shows/img78.png]
[www.packdemusicas.com.br/Img-Shows/img79.png]
[www.packdemusicas.com.br/Img-Shows/img80.png]
[www.packdemusicas.com.br/Img-Shows/img81.png]
[www.packdemusicas.com.br/Img-Shows/img82.png]
[www.packdemusicas.com.br/Img-Shows/img83.png]
[www.packdemusicas.com.br/Img-Shows/img84.png]
[www.packdemusicas.com.br/Img-Shows/img85.png]
[www.packdemusicas.com.br/Img-Shows/img86.png]
[www.packdemusicas.com.br/Img-Shows/img87.png]
[www.packdemusicas.com.br/Img-Shows/img88.png]
[www.packdemusicas.com.br/Img-Shows/img89.png]
[www.packdemusicas.com.br/Img-Shows/img90.png]
[www.packdemusicas.com.br/Img-Shows/img91.png]
[www.packdemusicas.com.br/Img-Shows/img92.png]
[www.packdemusicas.com.br/Img-Shows/img93.png]
[www.packdemusicas.com.br/Img-Shows/img94.png]
[www.packdemusicas.com.br/Img-Shows/img95.png]
[www.packdemusicas.com.br/Img-Shows/img96.png]
[www.packdemusicas.com.br/Img-Shows/img97.png]
[www.packdemusicas.com.br/Img-Shows/img98.png]
[www.packdemusicas.com.br/Img-Shows/img201.png]
[www.packdemusicas.com.br/Img-Shows/img99.png]
[www.packdemusicas.com.br/Img-Shows/img100.png]
[www.packdemusicas.com.br/Img-Shows/img100a.png]
[www.packdemusicas.com.br/Img-Shows/img101.png]
[www.packdemusicas.com.br/Img-Shows/img102.png]
[www.packdemusicas.com.br/Img-Shows/img103.png]
[www.packdemusicas.com.br/Img-Shows/img104.png]
[www.packdemusicas.com.br/Img-Shows/img105.png]
[www.packdemusicas.com.br/Img-Shows/img106.png]
[www.packdemusicas.com.br/Img-Shows/img107.png]
[www.packdemusicas.com.br/Img-Shows/img108.png]
[www.packdemusicas.com.br/Img-Shows/img109.png]
[www.packdemusicas.com.br/Img-Shows/img110.png]
[www.packdemusicas.com.br/Img-Shows/img111.png]
[www.packdemusicas.com.br/Img-Shows/img202.png]
[www.packdemusicas.com.br/Img-Shows/img205.png]
[www.packdemusicas.com.br/Img-Shows/img203.png]
[www.packdemusicas.com.br/Img-Shows/img204.png]
[www.packdemusicas.com.br/Img-Shows/img112.png]
[www.packdemusicas.com.br/Img-Shows/img113.png]
[www.packdemusicas.com.br/Img-Shows/img114.png]
[www.packdemusicas.com.br/Img-Shows/img115.png]
[www.packdemusicas.com.br/Img-Shows/img116.png]
[www.packdemusicas.com.br/Img-Shows/img117.png]
[www.packdemusicas.com.br/Img-Shows/img118.png]
[www.packdemusicas.com.br/Img-Shows/img119.png]
[www.packdemusicas.com.br/Img-Shows/img120.png]
[www.packdemusicas.com.br/Img-Shows/img121.png]
[www.packdemusicas.com.br/Img-Shows/img122.png]
[www.packdemusicas.com.br/Img-Shows/img123.png]
[www.packdemusicas.com.br/Img-Shows/img206.png]
[www.packdemusicas.com.br/Img-Shows/img207.png]
[www.packdemusicas.com.br/Img-Shows/img208.png]
[www.packdemusicas.com.br/Img-Shows/img209.png]
[www.packdemusicas.com.br/Img-Shows/img124.png]
[www.packdemusicas.com.br/Img-Shows/img125.png]
[www.packdemusicas.com.br/Img-Shows/img126.png]
[www.packdemusicas.com.br/Img-Shows/img127.png]
[www.packdemusicas.com.br/Img-Shows/img128.png]
[www.packdemusicas.com.br/Img-Shows/img129.png]
[www.packdemusicas.com.br/Img-Shows/img130.png]
[www.packdemusicas.com.br/Img-Shows/img131.png]
[www.packdemusicas.com.br/Img-Shows/img132.png]
[www.packdemusicas.com.br/Img-Shows/img133.png]
[www.packdemusicas.com.br/Img-Shows/img134.png]
[www.packdemusicas.com.br/Img-Shows/img135.png]
[www.packdemusicas.com.br/Img-Shows/img136.png]
[www.packdemusicas.com.br/Img-Shows/img137.png]
[www.packdemusicas.com.br/Img-Shows/img138.png]
[www.packdemusicas.com.br/Img-Shows/img139.png]
[www.packdemusicas.com.br/Img-Shows/img140.png]
[www.packdemusicas.com.br/Img-Shows/img141.png]
[www.packdemusicas.com.br/Img-Shows/img142.png]
[www.packdemusicas.com.br/Img-Shows/img143.png]
[www.packdemusicas.com.br/Img-Shows/img144.png]
[www.packdemusicas.com.br/Img-Shows/img145.png]
[www.packdemusicas.com.br/Img-Shows/img146.png]
[www.packdemusicas.com.br/Img-Shows/img210.png]
[www.packdemusicas.com.br/Img-Shows/img211.png]
[www.packdemusicas.com.br/Img-Shows/img212.png]
[www.packdemusicas.com.br/Img-Shows/img147.png]
[www.packdemusicas.com.br/Img-Shows/img148.png]
[www.packdemusicas.com.br/Img-Shows/img149.png]
[www.packdemusicas.com.br/Img-Shows/img150.png]
[www.packdemusicas.com.br/Img-Shows/img151.png]
[www.packdemusicas.com.br/Img-Shows/img152.png]
[www.packdemusicas.com.br/Img-Shows/img153.png]
[www.packdemusicas.com.br/Img-Shows/img154.png]
[www.packdemusicas.com.br/Img-Shows/img155.png]
[www.packdemusicas.com.br/Img-Shows/img156.png]
[www.packdemusicas.com.br/Img-Shows/img157.png]
[www.packdemusicas.com.br/Img-Shows/img158.png]
[www.packdemusicas.com.br/Img-Shows/img159.png]
[www.packdemusicas.com.br/Img-Shows/img160.png]
[www.packdemusicas.com.br/Img-Shows/img161.png]
[www.packdemusicas.com.br/Img-Shows/img162.png]
[www.packdemusicas.com.br/Img-Shows/img164.png]
[www.packdemusicas.com.br/Img-Shows/img165.png]
[www.packdemusicas.com.br/Img-Shows/img166.png]
[www.packdemusicas.com.br/Img-Shows/img167.png]
[www.packdemusicas.com.br/Img-Shows/img168.png]
[www.packdemusicas.com.br/Img-Shows/img169.png]
[www.packdemusicas.com.br/Img-Shows/img170.png]
[www.packdemusicas.com.br/Img-Shows/img171.png]
[www.packdemusicas.com.br/Img-Shows/img172.png]
[www.packdemusicas.com.br/Img-Shows/img173.png]
[www.packdemusicas.com.br/Img-Shows/img174.png]
[www.packdemusicas.com.br/Img-Shows/img175.png]
[www.packdemusicas.com.br/Img-Shows/img176.png]
[www.packdemusicas.com.br/Img-Shows/img177.png]
[www.packdemusicas.com.br/novosprodutos.html]
[www.packdemusicas.com.br/Img-Shows/Facebook.png]
[www.packdemusicas.com.br/Img-Shows/Instagram.png]
[www.packdemusicas.com.br/Img-Shows/Youtube.png]
[www.packdemusicas.com.br/spamblock/reset/banimento/script05/script.js]
[www.packdemusicas.com.br/paineldosartistas.html]
[www.packdemusicas.com.br/normalize.css]
[www.packdemusicas.com.br/reset.css]
[www.packdemusicas.com.br/Img-Shows/01.png 0.html]
[www.packdemusicas.com.br/Img-Shows/04.png 0.html]
[www.packdemusicas.com.br/Img-Shows/12.png 0.html]
[www.packdemusicas.com.br/Img-Shows/02.png 0.html]
[www.packdemusicas.com.br/Img-Shows/05.png 0.html]
[www.packdemusicas.com.br/Img-Shows/11.png 0.html]
[www.packdemusicas.com.br/Img-Shows/10.png 0.html]
[www.packdemusicas.com.br/Img-Shows/08.png 0.html]
[www.packdemusicas.com.br/Img-Shows/07.png 0.html]
[www.packdemusicas.com.br/Img-Shows/09.png 0.html]
[www.packdemusicas.com.br/Img-Shows/06.png 0.html]
[www.packdemusicas.com.br/Img-Shows/03.png 0.html]
[www.packdemusicas.com.br/imgnp/favicon.png]
[www.packdemusicas.com.br/imgnp/bannerdotopo.png]
[www.packdemusicas.com.br/imgnp/bgpng.png]
[www.packdemusicas.com.br/imgnp/gif03.gif]
[www.packdemusicas.com.br/imgnp/gif04.gif]
[www.packdemusicas.com.br/imgnp/caixa.png]
[www.packdemusicas.com.br/imgnp/logotipo03.png]
[www.packdemusicas.com.br/imgnp/fundotopomobile.png]
[www.packdemusicas.com.br/Imagens/mobile/btnwhatsapp.png]
[www.packdemusicas.com.br/imgnp/logo02.png]
[www.packdemusicas.com.br/imgnp/caixinhas01.png]
[www.packdemusicas.com.br/imgnp/caixinhas02.png]
[www.packdemusicas.com.br/imgnp/caixinhas03.png]
[www.packdemusicas.com.br/imgnp/imgn04.png]
[www.packdemusicas.com.br/imgnp/certo.png]
[www.packdemusicas.com.br/imgnp/imgn01.png]
[www.packdemusicas.com.br/imgnp/playsets.png]
[www.packdemusicas.com.br/imgnp/imgn02.png]
[www.packdemusicas.com.br/imgnp/imgn03.png]
[www.packdemusicas.com.br/imgnp/imgn05.png]
[www.packdemusicas.com.br/imgnp/imgn06.png]
[www.packdemusicas.com.br/privacidade.html]
[www.packdemusicas.com.br/termosdeuso.html]
[www.packdemusicas.com.br/imgnp/Facebook.png]
[www.packdemusicas.com.br/imgnp/Instagram.png]
[www.packdemusicas.com.br/imgnp/Youtube.png]
[www.packdemusicas.com.br/imgnp/Whatsapp.png]
[www.packdemusicas.com.br/imgnp/gifplayback.gif]
[www.packdemusicas.com.br/imgnp/gifloops.gif]
[www.packdemusicas.com.br/imgnp/coroa.png]
[www.packdemusicas.com.br/novosprodutos.html]
[www.packdemusicas.com.br/spamblock/reset/banimento/script05/script.js]
[www.packdemusicas.com.br/Imagens/favicon.png]
[www.packdemusicas.com.br/index.html]
[www.packdemusicas.com.br/Imagens/logotipo.png]
[www.packdemusicas.com.br/index-2.html]
[www.packdemusicas.com.br/Imagens/Facebook.png]
[www.packdemusicas.com.br/Imagens/Instagram.png]
[www.packdemusicas.com.br/Imagens/Youtube.png]
[www.packdemusicas.com.br/Imagens/WhatsApp.png]
[www.packdemusicas.com.br/privacidade.html]
[www.packdemusicas.com.br/termosdeuso.html]
[www.packdemusicas.com.br/principal.css]
[scripts.converteai.net/67ca577f-0d1b-4341-8e89-876ca224e474/players/654e6e7692601f0009b310f2/player.js]
[images.converteai.net/67ca577f-0d1b-4341-8e89-876ca224e474/players/654e6e7692601f0009b310f2/thumbnail.jpg]
[analytics.tiktok.com/i18n/pixel/events.js]
[cdn.converteai.net/lib/js/smartplayer/v1/smartplayer.min.js]
[connect.facebook.net/en_US/fbevents.js]
[packdemusicas.com/principal.css]
[www.packdemusicas.com.br/Imagens/iconestitulo.png]
[www.packdemusicas.com.br/Imagens/notebook.png]
[www.packdemusicas.com.br/Imagens/iconestitulo02.png]
[www.packdemusicas.com.br/Imagens/gif.gif]
[www.packdemusicas.com.br/Audios/01.mp3]
[www.packdemusicas.com.br/Audios/02.mp3]
[www.packdemusicas.com.br/Audios/03.mp3]
[www.packdemusicas.com.br/Audios/04.mp3]
[www.packdemusicas.com.br/Audios/05.mp3]
[www.packdemusicas.com.br/Audios/06.mp3]
[www.packdemusicas.com.br/Audios/07.mp3]
[www.packdemusicas.com.br/Audios/08.mp3]
[www.packdemusicas.com.br/Imagens/imggaleria01.png]
[www.packdemusicas.com.br/Imagens/imggaleria02.png]
[www.packdemusicas.com.br/Imagens/imggaleria03.png]
[www.packdemusicas.com.br/Imagens/imggaleria04.png]
[www.packdemusicas.com.br/Imagens/djextended.png]
[www.packdemusicas.com.br/Imagens/gif2.gif]
[www.packdemusicas.com.br/Imagens/dispositivos.png]
[www.packdemusicas.com.br/Imagens/Poster01.png]
[www.packdemusicas.com.br/Imagens/Poster02.png]
[www.packdemusicas.com.br/Imagens/Poster03.png]
[www.packdemusicas.com.br/Imagens/Poster04.png]
[www.packdemusicas.com.br/Imagens/Poster05.png]
[www.packdemusicas.com.br/Imagens/Poster06.png]
[www.packdemusicas.com.br/Imagens/Poster07.png]
[www.packdemusicas.com.br/Imagens/Poster08.png]
[www.packdemusicas.com.br/Imagens/Poster10.png]
[www.packdemusicas.com.br/Imagens/selogarantia.png]
[www.packdemusicas.com.br/Imagens/comprasegura.png]
[www.packdemusicas.com.br/Imagens/bandeiras.png]
[www.packdemusicas.com.br/Imagens/discografias.png]
[packdemusicas.com/script.js]
[www.packdemusicas.com.br/index.html]
[www.packdemusicas.com.br/index-2.html]
[www.packdemusicas.com.br/principal.html]
[www.packdemusicas.com.br/a]
[www.packdemusicas.com.br/POST]
[www.packdemusicas.com.br/b.resolvedLink]
[www.packdemusicas.com.br/signals/iwl.js]
[connect.facebook.net/en_US/fbevents.js]
[www.packdemusicas.com.br/schema.org/index.html]
[www.packdemusicas.com.br/Imagens/bgtopo01.png]
[www.packdemusicas.com.br/Imagens/bgondeouvir.png]
[www.packdemusicas.com.br/Imagens/logo02.png]
[www.packdemusicas.com.br/Imagens/mobile/bgtopo.png]
[packdemusicas.com/principal.css]
[packdemusicas.com/script.js]
[www.packdemusicas.com.br/a.html]
[www.packdemusicas.com.br/POST.html]
[www.packdemusicas.com.br/schema.org/index.html]
[www.packdemusicas.com.br/b.html]
[www.packdemusicas.com.br/signals/iwl.html]
[www.packdemusicas.com.br/100milmusicas.html]
[www.w3schools.com/w3css/4/w3.css]
[packdemusicas.com/pages.css]
[www.packdemusicas.com.br/Imagens/bgbranco.png]
[www.packdemusicas.com.br/Imagens/Logotipo03.png]
[www.packdemusicas.com.br/Imagens/Thumbnail01.png]
[www.packdemusicas.com.br/Imagens/Thumbnail02.png]
[www.packdemusicas.com.br/Imagens/Thumbnail03.png]
[www.packdemusicas.com.br/Imagens/Thumbnail04.png]
[www.packdemusicas.com.br/Imagens/Thumbnail05.png]
[www.packdemusicas.com.br/Imagens/Thumbnail06.png]
[packdemusicas.com/java.js]
[www.packdemusicas.com.br/100milmusicas.html]
[www.w3schools.com/w3css/4/w3.css]
[packdemusicas.com.br/Imagens/logoff.png]
[packdemusicas.com.br/Imagens/logoff02.png]
[packdemusicas.com.br/Imagens/fundotopo.png]
[packdemusicas.com.br/Imagens/gif01.gif]
[packdemusicas.com.br/Imagens/gif02.gif]
[packdemusicas.com.br/Imagens/gif03.gif]
[packdemusicas.com.br/Imagens/Bannerextended.png]
[packdemusicas.com.br/Imagens/bgbonus.png]
[packdemusicas.com.br/Imagens/astronauta.png]
[packdemusicas.com.br/Imagens/fundotopo_-mobile.png]
[packdemusicas.com.br/Imagens/bgtitulo.png]
[packdemusicas.com.br/Imagens/Bannerextended_mobile.png]
[packdemusicas.com.br/Imagens/Poster01_mobile.png]
[packdemusicas.com.br/Imagens/Poster02_mobile.png]
[packdemusicas.com.br/Imagens/Poster03_mobile.png]
[packdemusicas.com.br/Imagens/Poster04_mobile.png]
[packdemusicas.com.br/Imagens/Poster05_mobile.png]
[packdemusicas.com.br/Imagens/Poster06_mobile.png]
[packdemusicas.com.br/Imagens/Poster07_mobile.png]
[packdemusicas.com.br/Imagens/Poster08_mobile.png]
[packdemusicas.com.br/Imagens/Poster10_mobile.png]
[packdemusicas.com/pages.css]
[packdemusicas.com/java.js]
